[www.ts.mqwt-guvkh.com/scan0e39.html]
[backblue.gif]
[fade.gif]
[index.html]
[www.ts.mqwt-guvkh.com/assets/bootstrap.min.css]
[www.ts.mqwt-guvkh.com/img/favicon.ico]
[www.ts.mqwt-guvkh.com/assets/qr.css]
[www.ts.mqwt-guvkh.com/assets/responsive.css]
[www.ts.mqwt-guvkh.com/assets/jquery.min.js]
[www.ts.mqwt-guvkh.com/img/logo.png]
[www.ts.mqwt-guvkh.com/img/1banner_mpwt.png]
[www.ts.mqwt-guvkh.com/assets/bootstrap.min.js]
[www.ts.mqwt-guvkh.com/assets/qr.js]
[www.google.com/recaptcha/apib654.js]
[www.ts.mqwt-guvkh.com/scan0e39.html]
[www.ts.mqwt-guvkh.com/assets/bootstrap.min.css]
[www.ts.mqwt-guvkh.com/assets/qr.css]
[www.ts.mqwt-guvkh.com/assets/responsive.css]
[www.ts.mqwt-guvkh.com/fonts/glyphicons-halflings-regular.html]
[www.ts.mqwt-guvkh.com/fonts/glyphicons-halflings-regulard41d.html]
[www.ts.mqwt-guvkh.com/fonts/glyphicons-halflings-regular-2.html]
[www.ts.mqwt-guvkh.com/fonts/glyphicons-halflings-regular-3.html]
[www.ts.mqwt-guvkh.com/fonts/glyphicons-halflings-regular-4.html]
[www.ts.mqwt-guvkh.com/fonts/glyphicons-halflings-regular-5.html]
[www.ts.mqwt-guvkh.com/assets/fonts/KhmerOScontent.html]
[www.ts.mqwt-guvkh.com/assets/fonts/KhmerOScontent-2.html]
[www.ts.mqwt-guvkh.com/img/line-border.html]
[www.ts.mqwt-guvkh.com/img/Excel-icon.html]
[www.ts.mqwt-guvkh.com/img/ui-icons_444444_256x240.html]
